../Core/Src/liquidcrystal_i2c.c:20:6:HD44780_Init	16	static
../Core/Src/liquidcrystal_i2c.c:73:6:HD44780_Clear	8	static
../Core/Src/liquidcrystal_i2c.c:79:6:HD44780_Home	8	static
../Core/Src/liquidcrystal_i2c.c:85:6:HD44780_SetCursor	40	static
../Core/Src/liquidcrystal_i2c.c:95:6:HD44780_NoDisplay	8	static
../Core/Src/liquidcrystal_i2c.c:101:6:HD44780_Display	8	static
../Core/Src/liquidcrystal_i2c.c:107:6:HD44780_NoCursor	8	static
../Core/Src/liquidcrystal_i2c.c:113:6:HD44780_Cursor	8	static
../Core/Src/liquidcrystal_i2c.c:119:6:HD44780_NoBlink	8	static
../Core/Src/liquidcrystal_i2c.c:125:6:HD44780_Blink	8	static
../Core/Src/liquidcrystal_i2c.c:131:6:HD44780_ScrollDisplayLeft	8	static
../Core/Src/liquidcrystal_i2c.c:136:6:HD44780_ScrollDisplayRight	8	static
../Core/Src/liquidcrystal_i2c.c:141:6:HD44780_LeftToRight	8	static
../Core/Src/liquidcrystal_i2c.c:147:6:HD44780_RightToLeft	8	static
../Core/Src/liquidcrystal_i2c.c:153:6:HD44780_AutoScroll	8	static
../Core/Src/liquidcrystal_i2c.c:159:6:HD44780_NoAutoScroll	8	static
../Core/Src/liquidcrystal_i2c.c:165:6:HD44780_CreateSpecialChar	24	static
../Core/Src/liquidcrystal_i2c.c:175:6:HD44780_Create1	24	static
../Core/Src/liquidcrystal_i2c.c:184:6:HD44780_PrintSpecialChar	16	static
../Core/Src/liquidcrystal_i2c.c:189:6:HD44780_LoadCustomCharacter	16	static
../Core/Src/liquidcrystal_i2c.c:194:6:HD44780_PrintStr	16	static
../Core/Src/liquidcrystal_i2c.c:199:6:HD44780_SetBacklight	16	static
../Core/Src/liquidcrystal_i2c.c:205:6:HD44780_NoBacklight	8	static
../Core/Src/liquidcrystal_i2c.c:211:6:HD44780_Backlight	8	static
../Core/Src/liquidcrystal_i2c.c:217:13:SendCommand	16	static
../Core/Src/liquidcrystal_i2c.c:222:13:SendChar	16	static
../Core/Src/liquidcrystal_i2c.c:227:13:Send	24	static
../Core/Src/liquidcrystal_i2c.c:235:13:Write4Bits	16	static
../Core/Src/liquidcrystal_i2c.c:241:13:ExpanderWrite	32	static
../Core/Src/liquidcrystal_i2c.c:247:13:PulseEnable	16	static
../Core/Src/liquidcrystal_i2c.c:256:13:DelayInit	4	static,ignoring_inline_asm
../Core/Src/liquidcrystal_i2c.c:272:13:DelayUS	32	static
